// Jest Snapshot v1, https://goo.gl/fbAQLP

exports[`pruebas en componente <AddCategory /> debe mostrar correctamente <AddCategory />  1`] = `
<form
  onSubmit={[Function]}
>
  <input
    onChange={[Function]}
    type="text"
    value=""
  />
</form>
`;
