// Jest Snapshot v1, https://goo.gl/fbAQLP

exports[`Priebeas en componente <GifGrid /> debe renderisar el componente correctamente <GifGrid /> 1`] = `
<Fragment>
  <h3
    className="animate__animated animate__fadeIn"
  >
    Naruto
  </h3>
  <p
    className="animate__animated animate__flash"
  >
    Loading...
  </p>
  <div
    className="card-grid"
  />
</Fragment>
`;
