// Jest Snapshot v1, https://goo.gl/fbAQLP

exports[`Pruebas en <GifGridItem /> Debe mostrar correctamente <GifGridItem /> 1`] = `
<div
  className="card animate__animated animate__fadeIn"
>
  <img
    alt="My Title"
    src="https://localhost/algo.jpg"
  />
  <p>
     
    My Title
     
  </p>
</div>
`;
